../Core/Src/main.c:70:1:__io_putchar	16	static
../Core/Src/main.c:110:6:Forward	8	static
../Core/Src/main.c:117:6:Backward	8	static
../Core/Src/main.c:124:6:Right	8	static
../Core/Src/main.c:131:6:Left	8	static
../Core/Src/main.c:138:6:Stop	8	static
../Core/Src/main.c:144:6:RF	16	static
../Core/Src/main.c:145:6:LF	16	static
../Core/Src/main.c:146:6:RB	16	static
../Core/Src/main.c:147:6:LB	16	static
../Core/Src/main.c:149:6:TRF	8	static
../Core/Src/main.c:150:6:TLF	8	static
../Core/Src/main.c:151:6:TRB	8	static
../Core/Src/main.c:152:6:TLB	8	static
../Core/Src/main.c:155:6:trig	8	static
../Core/Src/main.c:163:10:echo	16	static
../Core/Src/main.c:173:6:LCD_DrawGauge	48	static
../Core/Src/main.c:190:6:I2C_ScanAddresses	16	static
../Core/Src/main.c:210:6:delay_us	24	static
../Core/Src/main.c:216:6:LCD_DATA	32	static
../Core/Src/main.c:231:6:LCD_CMD	32	static
../Core/Src/main.c:245:6:LCD_CMD_4bit	32	static
../Core/Src/main.c:253:6:LCD_INIT	8	static
../Core/Src/main.c:269:6:LCD_XY	16	static
../Core/Src/main.c:276:6:LCD_CLEAR	8	static
../Core/Src/main.c:281:6:LCD_PUTS	16	static
../Core/Src/main.c:291:5:main	24	static
../Core/Src/main.c:483:6:SystemClock_Config	88	static
../Core/Src/main.c:529:13:MX_ADC1_Init	24	static
../Core/Src/main.c:576:13:MX_I2C1_Init	8	static
../Core/Src/main.c:610:13:MX_TIM1_Init	32	static
../Core/Src/main.c:656:13:MX_TIM2_Init	64	static
../Core/Src/main.c:715:13:MX_TIM3_Init	64	static
../Core/Src/main.c:774:13:MX_USART2_UART_Init	8	static
../Core/Src/main.c:807:13:MX_GPIO_Init	40	static
../Core/Src/main.c:894:6:Error_Handler	4	static,ignoring_inline_asm
